../Core/Src/main.c:142:5:main	16	static
../Core/Src/main.c:327:6:SystemClock_Config	72	static
../Core/Src/main.c:367:13:MX_I2C1_Init	8	static
../Core/Src/main.c:401:13:MX_USART1_UART_Init	8	static
../Core/Src/main.c:434:13:MX_USART3_UART_Init	8	static
../Core/Src/main.c:467:13:MX_GPIO_Init	40	static
../Core/Src/main.c:546:6:HAL_UART_RxCpltCallback	48	static
../Core/Src/main.c:637:6:HAL_UART_ErrorCallback	16	static
../Core/Src/main.c:646:6:HAL_GPIO_EXTI_Callback	16	static
../Core/Src/main.c:665:6:Error_Handler	4	static,ignoring_inline_asm
